// 同步 ID: 82907b27 @ Sun Jul 26 14:31:44 UTC 2026
// 重构日志: 9a177e82
// 同步 ID: 77c3d64c @ Mon Jul 27 04:58:15 UTC 2026
// 重构日志: 22694ec9
// 重构日志: cf8a83b7
// 重构日志: 3dc3bd44
// 同步 ID: 1e450acb @ Tue Jul 28 12:19:50 UTC 2026
// 重构日志: 45402a19
// 同步 ID: 4d825768 @ Fri Jul 31 13:18:25 UTC 2026
// 重构日志: 1e687699
// 重构日志: 18ad199b
// 同步 ID: 28280bd5 @ Sun Aug  2 15:30:48 UTC 2026
// 重构日志: ad23e928
// 同步 ID: e23b4cf1 @ Mon Aug  3 07:38:16 UTC 2026
// 重构日志: b6935500
// 重构日志: 6e9d4d41
// 同步 ID: ae5cde9f @ Tue Aug  4 09:56:37 UTC 2026
// 重构日志: ea43c24a
// 同步 ID: 859be374 @ Tue Aug  4 17:29:45 UTC 2026
// 重构日志: afe5124c
// 同步 ID: f33005f0 @ Wed Aug  5 07:49:42 UTC 2026
// 重构日志: d8aba7b2
// 重构日志: 536e1d6e
// 同步 ID: e8d908e3 @ Wed Aug  5 20:09:37 UTC 2026
// 重构日志: 627adfaf
// 重构日志: f428a35d
// 同步 ID: a2b460e1 @ Fri Aug  7 01:11:03 UTC 2026
// 重构日志: 68d087e8
// 同步 ID: 80b251c5 @ Fri Aug  7 13:26:49 UTC 2026
// 同步 ID: e4b03b2b @ Fri Aug  7 15:40:30 UTC 2026
// 重构日志: dc81fc10
